<p>This is a paragraph of text.</p>

<div>
Markdown-processing *is not* done here.

<p>Markdown-processing <em>is</em> done here.</p>

Markdown-processing <em>is</em> done here.
</div>

<p>This is the last paragraph.</p>
