<p>This is just a 
simple three-line
paragraph.</p>
