<h3>At the end of a sub-list</h3>
<ul>
  <li>
    Parent list

    <ol>
      <li>One</li>
      <li>Two</li>
      <li>Three</li>
      <li><p>Four</p></li>
    </ol>
  </li>
  <li>Parent list</li>
</ul>
<h3>At the end of the document</h3>
<ol>
  <li>One</li>
  <li>Two</li>
  <li>Three</li>
  <li><p>Four</p></li>
</ol>
