<ol>
<li><p>First list</p></li>
<li><p>First list</p></li>
</ol>
<ol>
<li><p>Second list</p></li>
<li><p>Second list</p>

<p>Part of the list</p></li>
<li><p>Second list</p></li>
<li><p>Second list</p></li>
</ol>

<pre><code>Code block
</code></pre>
