<ol>
<li>One line</li>
<li>One line
Another line
And another</li>
</ol>

<p>Another para
Another line
And another
 * One line</p>
