<p>Normal text</p>

<ol>
<li>Level 1</li>
<li>Level 1
<ol>
<li>Level 2</li>
<li>Level 2
<p>Level 2</p>

<ol>
<li>Level 3
<p>Level 3
Level 3</p>

<ol>
<li>Level 4
Level 4
Level 4
<ol>
<li>Level 5</li>
</ol></li>
<li>Level 4</li>
</ol></li>
</ol></li>
<li>Level 2
<ol>
<li>Level 3</li>
</ol></li>
<li>Level 2</li>
</ol></li>
<li>Level 1
Level 1</li>
</ol>

<p>Normal text</p>
