<p>Normal text</p>

<ol>
<li>No space</li>
</ol>

<p>Normal text</p>

<ol>
<li>One space</li>
</ol>

<p>Normal text</p>

<ol>
<li>Two space</li>
</ol>

<p>Normal text</p>

<ol>
<li>Three space</li>
</ol>

<p>Normal text</p>

<pre><code>1. Four space
</code></pre>
