<ol>
<li><p>List item
List item
Part of the list</p></li>
<li><p>List item
List item
Part of the list</p></li>
<li><p>List item</p></li>
</ol>

<p>Not part of the list</p>
