
<ol>
  <li>
    <p>List item
List item</p>
    <h1>Part of the list</h1>
  </li>
  <li>
    <p>List item
List item</p>
    <h1>Part of the list</h1>
  </li>
  <li><p>List item
List item
Part of the list
======</p></li>
  <li><p>List item
List item
Part of the list
======</p></li>
  <li><p>List item
List item</p></li>
</ol>
<h1>Not part of the list</h1>

<ol>
  <li>
    <p>List item
List item</p>
    <h2>Part of the list</h2>
  </li>
  <li>
    <p>List item
List item</p>
    <p>Part of the list</p>
  </li>
</ol>
<hr />

<ol>
  <li>List item
List item
Part of the list</li>
</ol>
<hr />

<ol>
  <li>List item
List item
Part of the list</li>
</ol>
<hr />

<ol>
  <li>List item
List item</li>
</ol>
<h2>Not part of the list</h2>
