<p>No emphasis in the following:</p>

<p>one *two three *four</p>

<p>one* two three* four</p>

<p>one* two three *four</p>

<p>one **two three **four</p>

<p>one** two three** four</p>

<p>one** two three **four</p>

<p>one _two three _four</p>

<p>one_ two three_ four</p>

<p>one_ two three _four</p>

<p>one __two three __four</p>

<p>one__ two three__ four</p>

<p>one__ two three __four</p>
