<p>Using asterisks: <em>em</em> and <strong>strong</strong> emphasis</p>

<p>Using underscores: <em>em</em> and <strong>strong</strong> emphasis</p>
