<blockquote>
  <p>This is a blockquote
that contains</p>

<h1>setext header</h1>

<h2>setext header</h2>

<p>This is part of the blockquote too</p>
</blockquote>
