<blockquote>
  <p>Blockquote
Blockquote</p>
</blockquote>

<h1>Not part of the blockquote</h1>

<blockquote>
  <p>Blockquote
Blockquote
Part of the blockquote
======</p>
</blockquote>
