<blockquote>
  <p>Not indented</p>

<p>Indented by one space</p>

<p>Not indented</p>

<p>Indented by two spaces</p>

<p>Not indented</p>

<p>Indented by three spaces</p>
</blockquote>
