<blockquote>
  <p>One line of quote
Another line of quote
And another</p>

<p>One line of quote
Another line of quote
And another</p>

<p>One line of quote
Another line of quote
And another</p>
</blockquote>
