<p>Normal text</p>

<blockquote>
  <p>One space</p>
</blockquote>

<p>Normal text</p>

<blockquote>
  <p>Two space</p>
</blockquote>

<p>Normal text</p>

<blockquote>
  <p>Three space</p>
</blockquote>

<p>Normal text</p>

<pre><code>&gt; Four space
</code></pre>
