<p>A <a href="http://example.net">link</a> to a url.</p>
