<p>A <a href="http://example.net">link to url1</a> to a url.</p>

<p>A <a href="http://example.net" title="title">link to url2</a> to a url.</p>
