<p>A reference <a href="url">link</a> to a url.</p>

<p>A reference <a href="url" title="title">link</a> to a url.</p>
