<p>Intertwined <a href="url2">one</a><a href="url3">three</a></p>

<p>Intertwined [one][four]<a href="url3">three</a></p>
