<p>A ref definition is not part of the output,
whether <a href="url">used</a> or not.</p>
