<ul>
<li><a href="url_\:\$\?">link</a></li>
<li><a href="http://g&ouml;&ouml;gle.com">link</a></li>
<li><a href="url\_\:\$\?">link</a></li>
<li><a href="http://g&ouml;&ouml;gle.com">link</a></li>
</ul>
