<p><a href="url*#$%^&\~">link</a></p>

<p><a href="url*#$%^&\~">link</a></p>

<p><a href="url*#$%^&\~">ref id1</a></p>

<p>[link](url&lt;&gt;)</p>

<p>[link][ref id2]</p>

<p>[ref id2]</p>

<p>[ref id2]: url&lt;&gt;</p>
