<p>Containing:</p>

<p><a href="url">link containing <s>html</s></a></p>

<p>Contained:</p>

<p>html <s>containing <a href="url">link</a></s></p>

<p>html <s>containing <a href="/url">link</a></s></p>

<p>Intertwined:</p>

<p>[link <s>intertwined](url) with html</s></p>

<p>link <s>intertwined [with html</s>](url)</p>
