<ul>
  <li><a href="http://exampl">http://exampl</a>&lt;e.ne&gt;t/ and &lt;<a href="http://exampl">http://exampl</a>&lt;e.ne&gt;t/&gt;</li>
  <li>someone@exampl&lt;e.ne&gt;t and &lt;someone@exampl&lt;e.ne&gt;t&gt;</li>
</ul>
