<h2>pre</h2>
<blockquote>
  Some text <pre>

  <h3>Inside pre</h3>
  <p>(pre unclosed)</p>

</blockquote>
<h2>style</h2>
<blockquote>
  Some text <style>

  <h3>Inside style</h3>
  <p>(style unclosed)</p>

</blockquote>
<h2>script</h2>
<blockquote>
  Some text <script>

  <h3>Inside script</h3>
  <p>(script unclosed)</p>

</blockquote>
<p>End of document</p>

