Unclosed <script> tag

<h3>This is a valid header</h3>
