<h2>pre</h2>
Some text <pre>Pre content</pre>

<h3>Outside pre</h3>
<h2>style</h2>
Some text <style>Style content</style>

<h3>Outside style</h3>
<h2>script</h2>
Some text <script>Script content</script>

<h3>Outside script</h3>
