<h2>pre</h2>
<pre> Some text

### Inside pre

</pre> Some text

<h2>style</h2>
<style> Some text

### Inside style

</style> Some text

<h2>script</h2>
<script> Some text

### Inside script

</script> Some text