<h3>Level #3</h3>

<h3>Level ### 3</h3>

<h3>Level # 3</h3>

<h3>Level ### 3</h3>
