<p><img src="url" alt="bad link" /> &quot;title&quot;)</p>

<p><img src="url%5C" alt="bad link" /> &quot;title&quot;)</p>

<p><img src="url)" alt="link" title="title" /></p>

