<p>All these links match the ref id:</p>

<ul>
  <li><img src="img.png" alt="link" /></li>
  <li><img src="img.png" alt="link" /></li>
  <li><img src="img.png" alt="link" /></li>
  <li><img src="img.png" alt="link" /></li>
  <li><img src="img.png" alt="ref id" /></li>
  <li><img src="img.png" alt="ref   id" /></li>
  <li><img src="img.png" alt="  ref id  " /></li>
  <li><img src="img.png" alt="ref
id" /></li>
  <li><img src="img.png" alt="ref id" /></li>
  <li><img src="img.png" alt="ref   id" /></li>
  <li><img src="img.png" alt="  ref id  " /></li>
  <li><img src="img.png" alt="ref
id" /></li>
</ul>
