<p>A <img src="/image.jpg" alt="link"/> to an image.</p>
