<p>A <img src="http://example.net/img1.png" alt="reference to img1"/> to an image.</p>

<p>A <img src="http://example.net/img2.png" alt="reference to img2" title="title"/> to an image.</p>
