
<ul>
  <li>![link[1]](url)</li>
  <li>![link<a href="url2">2</a>](url)</li>
  <li>![link<img src="url2" alt="2" />](url)</li>
  <li><img src="url" alt="link[1]" /></li>
  <li><img src="url" alt="link[2]" /></li>
  <li><img src="url" alt="link![2]" /></li>
  <li>![link!<a href="url2">2</a>](url)</li>
  <li>![link][ref[3]]</li>
  <li>![link][ref[4]]</li>
  <li>![link][ref[3]]</li>
  <li><img src="url4" alt="link" /></li>
  <li>![link][ref[5]</li>
  <li>![link][ref]6]</li>
  <li>![link][ref[5]</li>
  <li><img src="url6" alt="link" /></li>
</ul>
