<p>Intertwined <img src="url2" alt="one" /><a href="url3">three</a></p>

<p>Intertwined ![one][four]<a href="url3">three</a></p>
