<p>A ref definition is not part of the output,
whether <img src="used.png" alt="used"/> or not.</p>
