
<ul>
  <li>![link](url 1)</li>
  <li>![link](url
1)</li>
  <li><img src="url1" alt="link" /></li>
  <li><img src="url1" alt="link" /></li>
  <li><img src="url" alt="link" /></li>
  <li><img src="url1" alt="link" /></li>
  <li><img src="url" alt="link" /></li>
  <li>![link][ref4]</li>
</ul>
<p>1</p>

<p>[ref4]: &lt;url/
1&gt;</p>

