
<ul>
  <li><img src="url" alt="link" /></li>
  <li><img src="url(" alt="link" /></li>
  <li><img src="url)" alt="link" /></li>
  <li><img src="url)" alt="link" title="title" /></li>
  <li><img src="url" alt="ref id1" /></li>
  <li><img src="url" alt="ref id1" /></li>
  <li><img src="url)" alt="ref id2" title="title" /></li>
  <li><img src="url)" alt="ref id2" title="title" /></li>
</ul>
