<h3>At the end of a sub-list</h3>

<ul>
  <li>Parent list
    <ul>
      <li>One</li>
      <li>Two</li>
      <li>Three</li>
      <li><p>Four</p></li>
    </ul>
  </li>
  <li>Parent list</li>
</ul>

<h3>At the end of the document</h3>

<ul>
  <li>One</li>
  <li>Two</li>
  <li>Three</li>
  <li><p>Four</p></li>
</ul>
