<ul>
<li>One</li>
<li>Two</li>
<li><p>Three</p></li>
<li>Four</li>
</ul>
<ul>
<li>Next list</li>
</ul>
