<ul>
<li><p>First list</p></li>
<li><p>First list</p></li>
</ul>
<ul>
<li><p>Second list</p></li>
<li><p>Second list</p>

<p>Part of the list</p></li>
<li><p>Second list</p></li>
<li><p>Second list</p></li>
</ul>

<pre><code>Code block
</code></pre>
