<p>Normal text</p>

<ul>
<li>Level 1</li>
<li>Level 1
<ul>
<li>Level 2</li>
<li>Level 2
<p>Level 2</p>

<ul>
<li>Level 3
<p>Level 3
Level 3</p>

<ul>
<li>Level 4
Level 4
Level 4
<ul>
<li>Level 5</li>
</ul></li>
<li>Level 4</li>
</ul></li>
</ul></li>
<li>Level 2
<ul>
<li>Level 3</li>
</ul></li>
<li>Level 2</li>
</ul></li>
<li>Level 1
Level 1</li>
</ul>

<p>Normal text</p>
