<p>Normal text</p>

<p>*Asterisk</p>

<p>Normal text</p>

<p>-Minus</p>

<p>Normal text</p>

<p>+Plus</p>
