<p>Two-byte char:</p>

<p>ABÇD</p>

<p>ABÇ</p>

<p>Three-byte char:</p>

<p>ABḈD</p>

<p>ABḈ</p>

<p>Four-byte char:</p>

<p>AB𝜍D</p>

<p>AB𝜍</p>

