<p>ASCII A is Á when overlong-encoded</p>

<p>The Euro sign is ð¬ when overlong-encoded</p>

