<p>Continuation bytes without a leading byte:  and £¤¥</p>

